** Drc report for detector-hat.kicad_pcb **
** Created on 2026-07-20T17:23:19+0200 **

** Found 0 DRC violations **

** Found 22 unconnected pads **
[unconnected_items]: Missing connection between items
    Local override; error
    @(23.2250 mm, 70.0000 mm): Pad 1 [DRV_VCP] of C17 on F.Cu
    @(28.7750 mm, 78.9750 mm): Pad 11 [DRV_VCP] of U8 on F.Cu
[unconnected_items]: Missing connection between items
    Local override; error
    @(19.0000 mm, 41.0000 mm): Zone 'GND_F.Cu' [GND] on F.Cu, priority 0
    @(19.0000 mm, 41.0000 mm): Zone 'GND_F.Cu' [GND] on F.Cu, priority 0
[unconnected_items]: Missing connection between items
    Local override; error
    @(19.0000 mm, 41.0000 mm): Zone 'GND_F.Cu' [GND] on F.Cu, priority 0
    @(19.0000 mm, 41.0000 mm): Zone 'GND_B.Cu' [GND] on B.Cu, priority 0
[unconnected_items]: Missing connection between items
    Local override; error
    @(19.0000 mm, 41.0000 mm): Zone 'GND_F.Cu' [GND] on F.Cu, priority 0
    @(19.0000 mm, 41.0000 mm): Zone 'GND_B.Cu' [GND] on B.Cu, priority 0
[unconnected_items]: Missing connection between items
    Local override; error
    @(19.0000 mm, 41.0000 mm): Zone 'GND_F.Cu' [GND] on F.Cu, priority 0
    @(19.0000 mm, 41.0000 mm): Zone 'GND_B.Cu' [GND] on B.Cu, priority 0
[unconnected_items]: Missing connection between items
    Local override; error
    @(19.0000 mm, 41.0000 mm): Zone 'GND_F.Cu' [GND] on F.Cu, priority 0
    @(19.0000 mm, 41.0000 mm): Zone 'GND_B.Cu' [GND] on B.Cu, priority 0
[unconnected_items]: Missing connection between items
    Local override; error
    @(19.0000 mm, 41.0000 mm): Zone 'GND_F.Cu' [GND] on F.Cu, priority 0
    @(19.0000 mm, 41.0000 mm): Zone 'GND_F.Cu' [GND] on F.Cu, priority 0
[unconnected_items]: Missing connection between items
    Local override; error
    @(19.0000 mm, 41.0000 mm): Zone 'GND_F.Cu' [GND] on F.Cu, priority 0
    @(19.0000 mm, 41.0000 mm): Zone 'GND_F.Cu' [GND] on F.Cu, priority 0
[unconnected_items]: Missing connection between items
    Local override; error
    @(19.0000 mm, 41.0000 mm): Zone 'GND_B.Cu' [GND] on B.Cu, priority 0
    @(19.0000 mm, 41.0000 mm): Zone 'GND_F.Cu' [GND] on F.Cu, priority 0
[unconnected_items]: Missing connection between items
    Local override; error
    @(19.0000 mm, 150.0000 mm): Zone 'GND_B.Cu' [GND] on B.Cu, priority 1
    @(19.0000 mm, 150.0000 mm): Zone 'GND_F.Cu' [GND] on F.Cu, priority 1
[unconnected_items]: Missing connection between items
    Local override; error
    @(19.0000 mm, 41.0000 mm): Zone 'GND_B.Cu' [GND] on B.Cu, priority 0
    @(19.0000 mm, 41.0000 mm): Zone 'GND_F.Cu' [GND] on F.Cu, priority 0
[unconnected_items]: Missing connection between items
    Local override; error
    @(19.0000 mm, 150.0000 mm): Zone 'GND_B.Cu' [GND] on B.Cu, priority 1
    @(19.0000 mm, 150.0000 mm): Zone 'GND_B.Cu' [GND] on B.Cu, priority 1
[unconnected_items]: Missing connection between items
    Local override; error
    @(19.0000 mm, 150.0000 mm): Zone 'GND_B.Cu' [GND] on B.Cu, priority 1
    @(19.0000 mm, 150.0000 mm): Zone 'GND_B.Cu' [GND] on B.Cu, priority 1
[unconnected_items]: Missing connection between items
    Local override; error
    @(19.0000 mm, 41.0000 mm): Zone 'GND_F.Cu' [GND] on F.Cu, priority 0
    @(19.0000 mm, 41.0000 mm): Zone 'GND_F.Cu' [GND] on F.Cu, priority 0
[unconnected_items]: Missing connection between items
    Local override; error
    @(50.5000 mm, 133.0000 mm): Zone 'GND_F.Cu' [GND] on F.Cu, priority 2
    @(19.0000 mm, 150.0000 mm): Zone 'GND_B.Cu' [GND] on B.Cu, priority 1
[unconnected_items]: Missing connection between items
    Local override; error
    @(50.5000 mm, 133.0000 mm): Zone 'GND_F.Cu' [GND] on F.Cu, priority 2
    @(19.0000 mm, 150.0000 mm): Zone 'GND_B.Cu' [GND] on B.Cu, priority 1
[unconnected_items]: Missing connection between items
    Local override; error
    @(19.0000 mm, 41.0000 mm): Zone 'GND_B.Cu' [GND] on B.Cu, priority 0
    @(19.0000 mm, 41.0000 mm): Zone 'GND_F.Cu' [GND] on F.Cu, priority 0
[unconnected_items]: Missing connection between items
    Local override; error
    @(19.0000 mm, 41.0000 mm): Zone 'GND_B.Cu' [GND] on B.Cu, priority 0
    @(50.5000 mm, 133.0000 mm): Zone 'GND_F.Cu' [GND] on F.Cu, priority 2
[unconnected_items]: Missing connection between items
    Local override; error
    @(23.2250 mm, 77.6750 mm): Pad 4 [PIEZO_N] of U8 on F.Cu
    @(39.7200 mm, 46.0400 mm): PTH pad 6 [PIEZO_N] of J5
[unconnected_items]: Missing connection between items
    Local override; error
    @(23.2250 mm, 76.3750 mm): Pad 2 [PIEZO_P] of U8 on F.Cu
    @(39.7200 mm, 43.5000 mm): PTH pad 5 [PIEZO_P] of J5
[unconnected_items]: Missing connection between items
    Local override; error
    @(28.7750 mm, 75.7250 mm): Pad 16 [SND_A] of U8 on F.Cu
    @(31.0000 mm, 135.5900 mm): PTH pad 19 [SND_A] of U10
[unconnected_items]: Missing connection between items
    Local override; error
    @(28.7750 mm, 76.3750 mm): Pad 15 [SND_B] of U8 on F.Cu
    @(31.0000 mm, 138.1300 mm): PTH pad 20 [SND_B] of U10

** Found 0 Footprint errors **

** End of Report **
